[nextgenerationdev.com/demos/html/salud/salud/index.html]
[backblue.gif]
[fade.gif]
[index.html]
[nextgenerationdev.com/demos/html/salud/salud/assets/img/favicon/favicon.png]
[nextgenerationdev.com/demos/html/salud/salud/assets/css/bootstrap.min.css]
[nextgenerationdev.com/demos/html/salud/salud/assets/css/bootstrap.css.map]
[nextgenerationdev.com/demos/html/salud/salud/assets/css/odometer.css]
[nextgenerationdev.com/demos/html/salud/salud/assets/css/owl.min.css]
[nextgenerationdev.com/demos/html/salud/salud/assets/css/owl.theme.default.min.css]
[nextgenerationdev.com/demos/html/salud/salud/assets/css/all.min.css]
[nextgenerationdev.com/demos/html/salud/salud/assets/css/animate.css]
[nextgenerationdev.com/demos/html/salud/salud/assets/css/magnific-popup.css]
[nextgenerationdev.com/demos/html/salud/salud/assets/css/swiper-bundle.min.css]
[nextgenerationdev.com/demos/html/salud/salud/assets/css/nice-select.css]
[nextgenerationdev.com/demos/html/salud/salud/assets/css/main.css]
[nextgenerationdev.com/demos/html/salud/salud/assets/img/logo/footer-logo.png]
[nextgenerationdev.com/demos/html/salud/salud/index-2.html]
[nextgenerationdev.com/demos/html/salud/salud/about.html]
[nextgenerationdev.com/demos/html/salud/salud/classes.html]
[nextgenerationdev.com/demos/html/salud/salud/classes-details.html]
[nextgenerationdev.com/demos/html/salud/salud/event.html]
[nextgenerationdev.com/demos/html/salud/salud/event-details.html]
[nextgenerationdev.com/demos/html/salud/salud/trainner.html]
[nextgenerationdev.com/demos/html/salud/salud/trainner-details.html]
[nextgenerationdev.com/demos/html/salud/salud/shop.html]
[nextgenerationdev.com/demos/html/salud/salud/shop-single.html]
[nextgenerationdev.com/demos/html/salud/salud/shop-cart.html]
[nextgenerationdev.com/demos/html/salud/salud/checkout.html]
[nextgenerationdev.com/demos/html/salud/salud/payment-successful.html]
[nextgenerationdev.com/demos/html/salud/salud/gallery.html]
[nextgenerationdev.com/demos/html/salud/salud/testimonial.html]
[nextgenerationdev.com/demos/html/salud/salud/blog.html]
[nextgenerationdev.com/demos/html/salud/salud/blog-details.html]
[nextgenerationdev.com/demos/html/salud/salud/contact.html]
[nextgenerationdev.com/demos/html/salud/salud/404.html]
[nextgenerationdev.com/demos/html/salud/salud/assets/img/about/trainer.jpg]
[nextgenerationdev.com/demos/html/salud/salud/assets/img/about/trainer2.jpg]
[nextgenerationdev.com/demos/html/salud/salud/assets/img/classes/classes1.jpg]
[nextgenerationdev.com/demos/html/salud/salud/assets/img/classes/icon/icon1.png]
[nextgenerationdev.com/demos/html/salud/salud/assets/img/classes/classes2.jpg]
[nextgenerationdev.com/demos/html/salud/salud/assets/img/classes/icon/icon2.png]
[nextgenerationdev.com/demos/html/salud/salud/assets/img/classes/classes3.jpg]
[nextgenerationdev.com/demos/html/salud/salud/assets/img/classes/icon/icon3.png]
[nextgenerationdev.com/demos/html/salud/salud/assets/img/clock/clock.png]
[nextgenerationdev.com/demos/html/salud/salud/assets/img/gallery/gallery1.jpg]
[nextgenerationdev.com/demos/html/salud/salud/assets/img/gallery/gallery2.jpg]
[nextgenerationdev.com/demos/html/salud/salud/assets/img/gallery/gallery3.jpg]
[nextgenerationdev.com/demos/html/salud/salud/assets/img/gallery/gallery4.jpg]
[nextgenerationdev.com/demos/html/salud/salud/assets/img/gallery/gallery5.jpg]
[nextgenerationdev.com/demos/html/salud/salud/assets/img/gallery/gallery6.jpg]
[nextgenerationdev.com/demos/html/salud/salud/assets/img/team/team1.jpg]
[nextgenerationdev.com/demos/html/salud/salud/assets/img/team/team2.jpg]
[nextgenerationdev.com/demos/html/salud/salud/assets/img/team/team3.jpg]
[nextgenerationdev.com/demos/html/salud/salud/assets/img/testimonial/client1.jpg]
[nextgenerationdev.com/demos/html/salud/salud/assets/img/testimonial/client2.jpg]
[nextgenerationdev.com/demos/html/salud/salud/assets/img/testimonial/client3.jpg]
[nextgenerationdev.com/demos/html/salud/salud/assets/img/pricing/bg.jpg]
[nextgenerationdev.com/demos/html/salud/salud/assets/img/pricing/pricing1.jpg]
[nextgenerationdev.com/demos/html/salud/salud/assets/img/pricing/pricing2.jpg]
[nextgenerationdev.com/demos/html/salud/salud/assets/img/pricing/pricing3.jpg]
[nextgenerationdev.com/demos/html/salud/salud/assets/img/blog/blog1.jpg]
[nextgenerationdev.com/demos/html/salud/salud/assets/img/blog/blog2.jpg]
[nextgenerationdev.com/demos/html/salud/salud/assets/img/blog/blog3.jpg]
[nextgenerationdev.com/demos/html/salud/salud/assets/img/logo/logo1.png]
[nextgenerationdev.com/demos/html/salud/salud/assets/img/logo/logo2.png]
[nextgenerationdev.com/demos/html/salud/salud/assets/img/logo/logo3.png]
[nextgenerationdev.com/demos/html/salud/salud/assets/img/logo/logo4.png]
[nextgenerationdev.com/demos/html/salud/salud/assets/img/logo/logo5.png]
[nextgenerationdev.com/demos/html/salud/salud/assets/img/logo/logo6.png]
[nextgenerationdev.com/demos/html/salud/salud/assets/img/footer/image/news1.jpg]
[nextgenerationdev.com/demos/html/salud/salud/assets/img/footer/image/news2.jpg]
[nextgenerationdev.com/demos/html/salud/salud/assets/js/jquery-3.7.1.min.js]
[nextgenerationdev.com/demos/html/salud/salud/assets/js/bootstrap.bundle.min.js]
[nextgenerationdev.com/demos/html/salud/salud/assets/js/viewport.jquery.js]
[nextgenerationdev.com/demos/html/salud/salud/assets/js/wow.min.js]
[nextgenerationdev.com/demos/html/salud/salud/assets/js/odometer.min.js]
[nextgenerationdev.com/demos/html/salud/salud/assets/js/owl.min.js]
[nextgenerationdev.com/demos/html/salud/salud/assets/js/jquery.magnific-popup.min.js]
[nextgenerationdev.com/demos/html/salud/salud/assets/js/jquery.nice-select.min.js]
[nextgenerationdev.com/demos/html/salud/salud/assets/js/swiper-bundle.min.js]
[nextgenerationdev.com/demos/html/salud/salud/assets/js/main.js]
[nextgenerationdev.com/demos/html/salud/salud/index.html]
[nextgenerationdev.com/demos/html/salud/salud/assets/css/bootstrap.min.css]
[nextgenerationdev.com/demos/html/salud/salud/assets/css/odometer.css]
[nextgenerationdev.com/demos/html/salud/salud/assets/css/owl.min.css]
[nextgenerationdev.com/demos/html/salud/salud/assets/css/owl.theme.default.min.css]
[nextgenerationdev.com/demos/html/salud/salud/assets/webfonts/fa-brands-400.woff2]
[nextgenerationdev.com/demos/html/salud/salud/assets/webfonts/fa-regular-400.woff2]
[nextgenerationdev.com/demos/html/salud/salud/assets/webfonts/fa-brands-400.ttf]
[nextgenerationdev.com/demos/html/salud/salud/assets/webfonts/fa-regular-400.ttf]
[nextgenerationdev.com/demos/html/salud/salud/assets/webfonts/fa-solid-900.woff2]
[nextgenerationdev.com/demos/html/salud/salud/assets/webfonts/fa-solid-900.ttf]
[nextgenerationdev.com/demos/html/salud/salud/assets/webfonts/fa-v4compatibility.woff2]
[nextgenerationdev.com/demos/html/salud/salud/assets/webfonts/fa-v4compatibility.ttf]
[nextgenerationdev.com/demos/html/salud/salud/assets/css/all.min.css]
[nextgenerationdev.com/demos/html/salud/salud/assets/css/animate.css]
[nextgenerationdev.com/demos/html/salud/salud/assets/css/magnific-popup.css]
[nextgenerationdev.com/demos/html/salud/salud/assets/css/swiper-bundle.min.css]
[nextgenerationdev.com/demos/html/salud/salud/assets/css/nice-select.css]
[nextgenerationdev.com/demos/html/salud/salud/assets/img/footer/bg.jpg]
[nextgenerationdev.com/demos/html/salud/salud/assets/img/banner/banner1.jpg]
[nextgenerationdev.com/demos/html/salud/salud/assets/img/banner/banner2.jpg]
[nextgenerationdev.com/demos/html/salud/salud/assets/img/banner/banner3.jpg]
[nextgenerationdev.com/demos/html/salud/salud/assets/img/banner/banner4.jpg]
[nextgenerationdev.com/demos/html/salud/salud/assets/img/banner/blog.jpg]
[nextgenerationdev.com/demos/html/salud/salud/assets/img/banner/trainer.jpg]
[nextgenerationdev.com/demos/html/salud/salud/assets/img/banner/event.jpg]
[nextgenerationdev.com/demos/html/salud/salud/assets/img/banner/bg.jpg]
[nextgenerationdev.com/demos/html/salud/salud/assets/img/video/bg.jpg]
[nextgenerationdev.com/demos/html/salud/salud/assets/img/testimonial/bg.jpg]
[nextgenerationdev.com/demos/html/salud/salud/assets/img/promotion/bg.jpg]
[nextgenerationdev.com/demos/html/salud/salud/assets/img/newsletter/bg.jpg]
[nextgenerationdev.com/demos/html/salud/salud/assets/img/counter/bg.jpg]
[nextgenerationdev.com/demos/html/salud/salud/assets/img/discount/bg.jpg]
[nextgenerationdev.com/demos/html/salud/salud/assets/css/main.css]
[nextgenerationdev.com/demos/html/salud/salud/assets/img/choose/slider-1.jpg]
[nextgenerationdev.com/demos/html/salud/salud/assets/img/choose/slider-2.jpg]
[nextgenerationdev.com/demos/html/salud/salud/assets/img/choose/slider-3.jpg]
[nextgenerationdev.com/demos/html/salud/salud/assets/img/choose/slider-4.jpg]
[nextgenerationdev.com/demos/html/salud/salud/assets/img/choose/slider-5.jpg]
[nextgenerationdev.com/demos/html/salud/salud/assets/img/choose/small-1.jpg]
[nextgenerationdev.com/demos/html/salud/salud/assets/img/choose/small-2.jpg]
[nextgenerationdev.com/demos/html/salud/salud/assets/img/choose/small-3.jpg]
[nextgenerationdev.com/demos/html/salud/salud/assets/img/choose/small-4.jpg]
[nextgenerationdev.com/demos/html/salud/salud/assets/img/choose/small-5.jpg]
[nextgenerationdev.com/demos/html/salud/salud/assets/img/choose/icon1.png]
[nextgenerationdev.com/demos/html/salud/salud/assets/img/choose/icon2.png]
[nextgenerationdev.com/demos/html/salud/salud/assets/img/choose/icon3.png]
[nextgenerationdev.com/demos/html/salud/salud/assets/img/classes/classes7.jpg]
[nextgenerationdev.com/demos/html/salud/salud/assets/img/classes/classes4.jpg]
[nextgenerationdev.com/demos/html/salud/salud/assets/img/classes/classes5.jpg]
[nextgenerationdev.com/demos/html/salud/salud/assets/img/classes/classes6.jpg]
[nextgenerationdev.com/demos/html/salud/salud/assets/img/product/1.jpg]
[nextgenerationdev.com/demos/html/salud/salud/assets/img/product/2.jpg]
[nextgenerationdev.com/demos/html/salud/salud/assets/img/product/3.jpg]
[nextgenerationdev.com/demos/html/salud/salud/assets/img/event/e1.jpg]
[nextgenerationdev.com/demos/html/salud/salud/assets/img/event/e2.jpg]
[nextgenerationdev.com/demos/html/salud/salud/assets/img/event/e3.jpg]
[nextgenerationdev.com/demos/html/salud/salud/index-2.html]
[nextgenerationdev.com/demos/html/salud/salud/assets/img/about.png]
[nextgenerationdev.com/demos/html/salud/salud/about.html]
[nextgenerationdev.com/demos/html/salud/salud/classes.html]
[nextgenerationdev.com/demos/html/salud/salud/assets/img/classes/details/trainner.jpg]
[nextgenerationdev.com/demos/html/salud/salud/assets/img/classes/details/details-bg.jpg]
[nextgenerationdev.com/demos/html/salud/salud/classes-details.html]
[nextgenerationdev.com/demos/html/salud/salud/event.html]
[nextgenerationdev.com/demos/html/salud/salud/assets/img/event/details/recent/r1.jpg]
[nextgenerationdev.com/demos/html/salud/salud/assets/img/event/details/recent/r2.jpg]
[nextgenerationdev.com/demos/html/salud/salud/assets/img/event/details/recent/r3.jpg]
[nextgenerationdev.com/demos/html/salud/salud/event-details.html]
[nextgenerationdev.com/demos/html/salud/salud/trainner.html]
[nextgenerationdev.com/demos/html/salud/salud/assets/img/team/details/t1.jpg]
[nextgenerationdev.com/demos/html/salud/salud/trainner-details.html]
[nextgenerationdev.com/demos/html/salud/salud/assets/img/product/4.jpg]
[nextgenerationdev.com/demos/html/salud/salud/assets/img/product/5.jpg]
[nextgenerationdev.com/demos/html/salud/salud/shop.html]
[nextgenerationdev.com/demos/html/salud/salud/assets/img/product/single/s1.jpg]
[nextgenerationdev.com/demos/html/salud/salud/assets/img/product/single/s2.jpg]
[nextgenerationdev.com/demos/html/salud/salud/assets/img/product/single/s3.jpg]
[nextgenerationdev.com/demos/html/salud/salud/assets/img/product/single/s4.jpg]
[nextgenerationdev.com/demos/html/salud/salud/assets/img/product/single/s5.jpg]
[nextgenerationdev.com/demos/html/salud/salud/assets/img/product/single/c1.jpg]
[nextgenerationdev.com/demos/html/salud/salud/shop-single.html]
[nextgenerationdev.com/demos/html/salud/salud/assets/img/product/cart/c1.jpg]
[nextgenerationdev.com/demos/html/salud/salud/shop-cart.html]
[nextgenerationdev.com/demos/html/salud/salud/checkout.html]
[nextgenerationdev.com/demos/html/salud/salud/payment-successful.html]
[nextgenerationdev.com/demos/html/salud/salud/gallery.html]
[nextgenerationdev.com/demos/html/salud/salud/assets/img/testimonial/c1.jpg]
[nextgenerationdev.com/demos/html/salud/salud/assets/img/testimonial/c3.jpg]
[nextgenerationdev.com/demos/html/salud/salud/assets/img/testimonial/c2.jpg]
[nextgenerationdev.com/demos/html/salud/salud/testimonial.html]
[nextgenerationdev.com/demos/html/salud/salud/blog.html]
[nextgenerationdev.com/demos/html/salud/salud/assets/img/blog/details/details1.jpg]
[nextgenerationdev.com/demos/html/salud/salud/assets/img/blog/details/more1.jpg]
[nextgenerationdev.com/demos/html/salud/salud/assets/img/blog/details/more2.jpg]
[nextgenerationdev.com/demos/html/salud/salud/assets/img/blog/details/comment/c1.png]
[nextgenerationdev.com/demos/html/salud/salud/assets/img/blog/details/comment/c2.png]
[nextgenerationdev.com/demos/html/salud/salud/assets/img/blog/details/comment/c3.png]
[nextgenerationdev.com/demos/html/salud/salud/blog-details.html]
[nextgenerationdev.com/demos/html/salud/salud/contact.html]
[nextgenerationdev.com/demos/html/salud/salud/assets/img/404/404.png]
[nextgenerationdev.com/demos/html/salud/salud/404.html]
[nextgenerationdev.com/demos/html/salud/salud/assets/css/owl.video.play.html]
[nextgenerationdev.com/demos/html/salud/salud/single-product.html]
[nextgenerationdev.com/demos/html/salud/salud/cart.html]
